PC <- 2
ACC <- 1

PC <- 4
ACC <- 1

PC <- 4
ACC <- 1

