Line 2 Unknown operation cons - Syntax
Line 5 or 9 Redefinition of start - Semantic
Line 9 Unknown operation ad - Syntax
Line 9 Undefined symbol top - Semantic
Line 10 Undefined symbol top - Semantic
Line 10 Invalid operand count for div - Syntax

