H: fat_mod_A
H: 15
H: 010101010101000
H: U mod_b 9
H: D fat 4
H: D n 13
T: 12 13 10 13 02 14 08 10 05 00 13 13 14 0 1
