12 13 10 13 02 14 08 10 05 15 13 13 14 00 01 11 25 03 13 11 13 10 25 05 04 00 