H: fat_mod_B
H: 11
H: 01010101010
H: U fat 9
H: U n 3 5
H: D mod_b 0
T: 11 10 03 00 11 00 10 10 05 00 0
