> 2
PC <- 2
ACC <- 0

> 4
PC <- 4
ACC <- 0

PC <- 16
ACC <- 0

PC <- 18
ACC <- 4

PC <- 20
ACC <- 4

PC <- 6
ACC <- 4

PC <- 8
ACC <- 4

PC <- 10
ACC <- 1

PC <- 12
ACC <- 1

PC <- 14
ACC <- 1
OUTPUT: 1

PC <- 15
ACC <- 1

