12 22 12 22 05 16 10 22 04 22 11 15 13 15 14 00 10 22 08 14 05 06 00 