H: mod_1
H: 16
H: 0101010101010100
H: U mod_2 5
H: U n 1 3 7 9
H: D divide 6
H: D finish 14
T: 12 00 12 00 05 00 10 00 04 00 11 15 13 15 14 0
