Line 4 label ok not defined - semantic
Line 5 label ok not defined - semantic