PC <- 2
ACC <- 1

PC <- 9
ACC <- 1

PC <- 10
ACC <- 1

