H: addone
H: 12
H: 010101011000
H: U test 5 8
H: D start 0
T: 01 10 05 09 11 00 09 10 00 14 1 -2
