> 5
PC <- 2
ACC <- 0

PC <- 4
ACC <- 5

PC <- 6
ACC <- 10

PC <- 8
ACC <- 10

PC <- 12
ACC <- 10

PC <- 14
ACC <- 10
OUTPUT: 10

PC <- 16
ACC <- 10
OUTPUT: 5

PC <- 18
ACC <- 10
OUTPUT: 10

PC <- 10
ACC <- 10

PC <- 11
ACC <- 10

