H: mod_b
H: 9
H: 010101010
H: U l1 7
H: U val 3
H: D mod_b 0
H: D y 8
T: 13 08 13 02 13 08 05 02 0
