H: mod_a
H: 12
H: 010101010100
H: U mod_b 9
H: U y 1 5 7
H: D l1 10
H: D val 11
T: 12 00 10 11 01 00 11 00 07 10 14 5
