H: mod_fat1
H: 7
H: 0101010
H: U mod_fat 5
H: U n 1 3
H: D aux 6
T: 12 00 10 00 05 00 0
