H: mod_fat3
H: 4
H: 0100
H: D fim 0
H: D mod_fim 0
H: D n 3
T: 13 03 14 0
