12 25 10 25 05 07 00 02 21 08 22 11 06 03 25 11 25 10 06 05 22 01 13 25 14 00 