Line 2 Invalid operand count for space - Syntax
Line 3 Invalid operand count for const - Syntax
Line 5 Invalid operand count for mul - Syntax
Line 5 Invalid operand count for add - Syntax
