Line 2 Invalid operand start - Syntax
Line 5 Invalid operand 1 - Syntax OR Line 5 Invalid label 1 - Lexical
